[0325/115747.905:INFO:CONSOLE:2] "set global cache [object Object]", source: https://sf16-website-login.neutral.ttwstatic.com/obj/tiktok_web_login_static/tiktok/webapp/main/react-v18/webapp-desktop/explore-prefetch.f33ea915.js (2)
[0325/115748.041:INFO:CONSOLE:1] "Reflect is already polyfilled.", source: https://sf16-website-login.neutral.ttwstatic.com/obj/tiktok_web_login_static/tiktok/webapp/main/react-v18/webapp-desktop/static/js/webapp-desktop.45a010cb.js (1)
[0325/115748.296:INFO:CONSOLE:1] "AppContext will be overwritten", source: https://sf16-website-login.neutral.ttwstatic.com/obj/tiktok_web_login_static/tiktok/webapp/main/react-v18/webapp-desktop/static/js/webapp-desktop.45a010cb.js (1)
[0325/115748.296:INFO:CONSOLE:1] "AppContext will be overwritten", source: https://sf16-website-login.neutral.ttwstatic.com/obj/tiktok_web_login_static/tiktok/webapp/main/react-v18/webapp-desktop/static/js/webapp-desktop.45a010cb.js (1)
[0325/115748.297:INFO:CONSOLE:1] "AppContext will be overwritten", source: https://sf16-website-login.neutral.ttwstatic.com/obj/tiktok_web_login_static/tiktok/webapp/main/react-v18/webapp-desktop/static/js/webapp-desktop.45a010cb.js (1)
[0325/115748.297:INFO:CONSOLE:1] "AppContext will be overwritten", source: https://sf16-website-login.neutral.ttwstatic.com/obj/tiktok_web_login_static/tiktok/webapp/main/react-v18/webapp-desktop/static/js/webapp-desktop.45a010cb.js (1)
[0325/115748.298:INFO:CONSOLE:1] "AppContext will be overwritten", source: https://sf16-website-login.neutral.ttwstatic.com/obj/tiktok_web_login_static/tiktok/webapp/main/react-v18/webapp-desktop/static/js/webapp-desktop.45a010cb.js (1)
[0325/115748.311:INFO:CONSOLE:1] "AppContext will be overwritten", source: https://sf16-website-login.neutral.ttwstatic.com/obj/tiktok_web_login_static/tiktok/webapp/main/react-v18/webapp-desktop/static/js/webapp-desktop.45a010cb.js (1)
[0325/115748.311:INFO:CONSOLE:1] "AppContext will be overwritten", source: https://sf16-website-login.neutral.ttwstatic.com/obj/tiktok_web_login_static/tiktok/webapp/main/react-v18/webapp-desktop/static/js/webapp-desktop.45a010cb.js (1)
[0325/115748.311:INFO:CONSOLE:1] "AppContext will be overwritten", source: https://sf16-website-login.neutral.ttwstatic.com/obj/tiktok_web_login_static/tiktok/webapp/main/react-v18/webapp-desktop/static/js/webapp-desktop.45a010cb.js (1)
[0325/115748.312:INFO:CONSOLE:1] "AppContext will be overwritten", source: https://sf16-website-login.neutral.ttwstatic.com/obj/tiktok_web_login_static/tiktok/webapp/main/react-v18/webapp-desktop/static/js/webapp-desktop.45a010cb.js (1)
[0325/115748.514:INFO:CONSOLE:1] "AppContext will be overwritten", source: https://sf16-website-login.neutral.ttwstatic.com/obj/tiktok_web_login_static/tiktok/webapp/main/react-v18/webapp-desktop/static/js/webapp-desktop.45a010cb.js (1)
[0325/115748.525:INFO:CONSOLE:1] "AppContext will be overwritten", source: https://sf16-website-login.neutral.ttwstatic.com/obj/tiktok_web_login_static/tiktok/webapp/main/react-v18/webapp-desktop/static/js/webapp-desktop.45a010cb.js (1)
[0325/115748.527:INFO:CONSOLE:2] "loadable: `loadableReady()` requires state, please use `getScriptTags` or `getScriptElements` server-side", source: https://sf16-website-login.neutral.ttwstatic.com/obj/tiktok_web_login_static/tiktok/webapp/main/react-v18/webapp-desktop/static/js/20658.b262f02a.js (2)
[0325/115748.561:INFO:CONSOLE:0] "[GroupMarkerNotSet(crbug.com/242999)!:A8401800941F0000]Automatic fallback to software WebGL has been deprecated. Please use the --enable-unsafe-swiftshader (about:flags#enable-unsafe-swiftshader) flag to opt in to lower security guarantees for trusted content.", source: https://www.tiktok.com/explore (0)
[0325/115750.358:INFO:CONSOLE:1] ".", source: https://sf16-website-login.neutral.ttwstatic.com/obj/tiktok_web_login_static/webmssdk/1.0.0.347/webmssdk.js (1)
[0325/115750.476:INFO:CONSOLE:1] "Error", source: https://sf16-website-login.neutral.ttwstatic.com/obj/tiktok_web_login_static/webmssdk/1.0.0.347/webmssdk.js (1)
[0325/115750.479:INFO:CONSOLE:1] "Error", source: https://sf16-website-login.neutral.ttwstatic.com/obj/tiktok_web_login_static/webmssdk/1.0.0.347/webmssdk.js (1)
[0325/115750.880:INFO:CONSOLE:0] "[GroupMarkerNotSet(crbug.com/242999)!:A8401800941F0000]Automatic fallback to software WebGL has been deprecated. Please use the --enable-unsafe-swiftshader (about:flags#enable-unsafe-swiftshader) flag to opt in to lower security guarantees for trusted content.", source: https://www.tiktok.com/explore (0)
[0325/115751.950:INFO:CONSOLE:22] "The AudioContext was not allowed to start. It must be resumed (or created) after a user gesture on the page. https://developer.chrome.com/blog/autoplay/#web_audio", source: https://sf16-website-login.neutral.ttwstatic.com/obj/tiktok_web_login_static/tiktok/webapp/main/react-v18/webapp-desktop/static/js/async/49405.3fbce7c9.js (22)
[0325/115752.193:INFO:CONSOLE:2] "ws.opened", source: https://sf16-website-login.neutral.ttwstatic.com/obj/tiktok_web_login_static/tiktok/webapp/main/react-v18/webapp-desktop/static/js/async/64887.a497f4e4.js (2)
[0325/115752.262:INFO:CONSOLE:2] "Uncaught (in promise) TypeError: a.init is not a function", source: https://sf16-website-login.neutral.ttwstatic.com/obj/tiktok_web_login_static/tiktok/webapp/main/react-v18/webapp-desktop/static/js/async/64887.a497f4e4.js (2)
[0325/115752.534:INFO:CONSOLE:22] "The AudioContext was not allowed to start. It must be resumed (or created) after a user gesture on the page. https://developer.chrome.com/blog/autoplay/#web_audio", source: https://sf16-website-login.neutral.ttwstatic.com/obj/tiktok_web_login_static/tiktok/webapp/main/react-v18/webapp-desktop/static/js/async/49405.3fbce7c9.js (22)
[0325/115752.541:INFO:CONSOLE:22] "The AudioContext was not allowed to start. It must be resumed (or created) after a user gesture on the page. https://developer.chrome.com/blog/autoplay/#web_audio", source: https://sf16-website-login.neutral.ttwstatic.com/obj/tiktok_web_login_static/tiktok/webapp/main/react-v18/webapp-desktop/static/js/async/49405.3fbce7c9.js (22)
[0325/115752.771:INFO:CONSOLE:1] "Error", source: https://sf16-website-login.neutral.ttwstatic.com/obj/tiktok_web_login_static/webmssdk/1.0.0.347/webmssdk.js (1)
[0325/115753.032:INFO:CONSOLE:1] "[00:08.954][warn][multiplex](1) demux waterlevel change to full, abort request", source: https://sf16-website-login.neutral.ttwstatic.com/obj/tiktok_web_login_static/tiktok/webapp/main/react-v18/webapp-desktop/static/js/async/60203.5c8e2dc6.js (1)
[0325/115753.080:INFO:CONSOLE:1] "Error", source: https://sf16-website-login.neutral.ttwstatic.com/obj/tiktok_web_login_static/ttweb_webmssdk_ex/1.0.0.2475/webmssdk_ex.js (1)
[0325/115753.090:INFO:CONSOLE:1] "Error", source: https://sf16-website-login.neutral.ttwstatic.com/obj/tiktok_web_login_static/webmssdk/1.0.0.347/webmssdk.js (1)
[0325/115755.938:INFO:CONSOLE:1] "Error", source: https://sf16-website-login.neutral.ttwstatic.com/obj/tiktok_web_login_static/ttweb_webmssdk_ex/1.0.0.2475/webmssdk_ex.js (1)
[0325/115756.730:INFO:CONSOLE:1] "Reflect is already polyfilled.", source: https://sf16-website-login.neutral.ttwstatic.com/obj/tiktok_web_login_static/tiktok/web/tiktok_fe_login_vmok/static/js/async/5613.1b5a3066.js (1)
[0325/115757.066:INFO:CONSOLE:0] "[GroupMarkerNotSet(crbug.com/242999)!:A8401800941F0000]Automatic fallback to software WebGL has been deprecated. Please use the --enable-unsafe-swiftshader (about:flags#enable-unsafe-swiftshader) flag to opt in to lower security guarantees for trusted content.", source: https://www.tiktok.com/explore (0)
[0325/115757.166:INFO:CONSOLE:3] "[browser check] %s, os:  Chrome Windows", source: https://sf16-website-login.neutral.ttwstatic.com/obj/tiktok_web_login_static/tiktok/web/tiktok_fe_login_vmok/static/js/async/5613.1b5a3066.js (3)
[0325/115757.181:INFO:CONSOLE:1] "[object DOMException]", source: https://sf16-website-login.neutral.ttwstatic.com/obj/tiktok_web_login_static/tiktok/webapp/main/react-v18/webapp-desktop/static/js/async/24640.c6b4f07d.js (1)
[0325/115757.932:INFO:CONSOLE:81] "[GSI_LOGGER]: Your client application uses one of the Google One Tap prompt UI status methods that may stop functioning when FedCM becomes mandatory. Refer to the migration guide to update your code accordingly and opt-in to FedCM to test your changes. Learn more: https://developers.google.com/identity/gsi/web/guides/fedcm-migration?s=dc#display_moment and https://developers.google.com/identity/gsi/web/guides/fedcm-migration?s=dc#skipped_moment", source: https://accounts.google.com/gsi/client (81)
[0325/115758.672:INFO:CONSOLE:0] "Provider's accounts list is empty.", source: https://www.tiktok.com/explore (0)
[0325/115811.195:INFO:CONSOLE:1] "[GSI_LOGGER]: FedCM get() rejects with NetworkError: Error retrieving a token.", source: https://sf16-website-login.neutral.ttwstatic.com/obj/tiktok_web_login_static/tiktok/webapp/main/react-v18/webapp-desktop/static/js/webapp-desktop.45a010cb.js (1)
